// Bun Snapshot v1, https://bun.sh/docs/test/snapshots

exports[`keeps the dashboard layout stable at 80 columns 1`] = `
"┌──────────────────────────────────────────────────────────────────────────────┐
│ TRAMA  estado: ok  proyectos: 2  cola: 1  dispatches: 1                      │
└──────────────────────────────────────────────────────────────────────────────┘
┌─Fases───────────────────┐┌─Tareas────────────────────────────────────────────┐
│                         ││                                                   │
│ › Diseño                ││ ESTADO  OBJETIVO                         AGENTE   │
│ ████████░░░░░░░░ 50% 1/ ││ ORIGEN                                            │
│ 2                       ││ › Run tests                        codex          │
│                         ││ local                                             │
│                         ││                                                   │
│                         ││                                                   │
│                         ││                                                   │
└─────────────────────────┘│                                                   │
┌─Agentes CCCC────────────┐│                                                   │
│                         ││                                                   │
│ codex  activos: 1       ││                                                   │
│ completadas: 3  tareas: ││                                                   │
│ 4  bloqueadas: 0        ││                                                   │
│                         ││                                                   │
│                         ││                                                   │
│                         ││                                                   │
│                         ││                                                   │
│                         ││                                                   │
└─────────────────────────┘└───────────────────────────────────────────────────┘
"
`;
